[INFO] Scanning for projects...
[INFO] ------------------------------------------------------------------------
[INFO] Reactor Build Order:
[INFO] 
[INFO] HealthLife                                                         [pom]
[INFO] Common Exceptions                                                  [jar]
[INFO] Common DTO                                                         [jar]
[INFO] Common Security                                                    [jar]
[INFO] Gateway Service                                                    [jar]
[INFO] Auth Service                                                       [jar]
[INFO] User Service                                                       [jar]
[INFO] Health Data Service                                                [jar]
[INFO] Mental Service                                                     [jar]
[INFO] Nutrition Service                                                  [jar]
[INFO] AI Coach Service                                                   [jar]
[INFO] Notification Service                                               [jar]
[INFO] Analytics Service                                                  [jar]
[INFO] Social Service                                                     [jar]
[INFO] Payment Service                                                    [jar]
[INFO] 
[INFO] ---------------------< com.healthlife:healthlife >----------------------
[INFO] Building HealthLife 1.0.0                                         [1/15]
[INFO]   from pom.xml
[INFO] --------------------------------[ pom ]---------------------------------
[INFO] 
[INFO] --- jacoco:0.8.12:prepare-agent (default) @ healthlife ---
[INFO] argLine set to -javaagent:C:\\Users\\user\\.m2\\repository\\org\\jacoco\\org.jacoco.agent\\0.8.12\\org.jacoco.agent-0.8.12-runtime.jar=destfile=C:\\Project\\Application\\target\\jacoco.exec
[INFO] 
[INFO] --- jacoco:0.8.12:report (report) @ healthlife ---
[INFO] Skipping JaCoCo execution due to missing execution data file.
[INFO] 
[INFO] ------------------< com.healthlife:common-exceptions >------------------
[INFO] Building Common Exceptions 1.0.0                                  [2/15]
[INFO]   from shared\common-exceptions\pom.xml
[INFO] --------------------------------[ jar ]---------------------------------
[INFO] 
[INFO] --- jacoco:0.8.12:prepare-agent (default) @ common-exceptions ---
[INFO] argLine set to -javaagent:C:\\Users\\user\\.m2\\repository\\org\\jacoco\\org.jacoco.agent\\0.8.12\\org.jacoco.agent-0.8.12-runtime.jar=destfile=C:\\Project\\Application\\shared\\common-exceptions\\target\\jacoco.exec
[INFO] 
[INFO] --- resources:3.3.1:resources (default-resources) @ common-exceptions ---
[INFO] skip non existing resourceDirectory C:\Project\Application\shared\common-exceptions\src\main\resources
[INFO] skip non existing resourceDirectory C:\Project\Application\shared\common-exceptions\src\main\resources
[INFO] 
[INFO] --- compiler:3.11.0:compile (default-compile) @ common-exceptions ---
[INFO] Nothing to compile - all classes are up to date
[INFO] 
[INFO] --- resources:3.3.1:testResources (default-testResources) @ common-exceptions ---
[INFO] skip non existing resourceDirectory C:\Project\Application\shared\common-exceptions\src\test\resources
[INFO] 
[INFO] --- compiler:3.11.0:testCompile (default-testCompile) @ common-exceptions ---
[INFO] No sources to compile
[INFO] 
[INFO] --- surefire:3.1.2:test (default-test) @ common-exceptions ---
[INFO] No tests to run.
[INFO] 
[INFO] --- jacoco:0.8.12:report (report) @ common-exceptions ---
[INFO] Skipping JaCoCo execution due to missing execution data file.
[INFO] 
[INFO] ---------------------< com.healthlife:common-dto >----------------------
[INFO] Building Common DTO 1.0.0                                         [3/15]
[INFO]   from shared\common-dto\pom.xml
[INFO] --------------------------------[ jar ]---------------------------------
[INFO] 
[INFO] --- jacoco:0.8.12:prepare-agent (default) @ common-dto ---
[INFO] argLine set to -javaagent:C:\\Users\\user\\.m2\\repository\\org\\jacoco\\org.jacoco.agent\\0.8.12\\org.jacoco.agent-0.8.12-runtime.jar=destfile=C:\\Project\\Application\\shared\\common-dto\\target\\jacoco.exec
[INFO] 
[INFO] --- resources:3.3.1:resources (default-resources) @ common-dto ---
[INFO] skip non existing resourceDirectory C:\Project\Application\shared\common-dto\src\main\resources
[INFO] skip non existing resourceDirectory C:\Project\Application\shared\common-dto\src\main\resources
[INFO] 
[INFO] --- compiler:3.11.0:compile (default-compile) @ common-dto ---
[INFO] Nothing to compile - all classes are up to date
[INFO] 
[INFO] --- resources:3.3.1:testResources (default-testResources) @ common-dto ---
[INFO] skip non existing resourceDirectory C:\Project\Application\shared\common-dto\src\test\resources
[INFO] 
[INFO] --- compiler:3.11.0:testCompile (default-testCompile) @ common-dto ---
[INFO] No sources to compile
[INFO] 
[INFO] --- surefire:3.1.2:test (default-test) @ common-dto ---
[INFO] No tests to run.
[INFO] 
[INFO] --- jacoco:0.8.12:report (report) @ common-dto ---
[INFO] Skipping JaCoCo execution due to missing execution data file.
[INFO] 
[INFO] -------------------< com.healthlife:common-security >-------------------
[INFO] Building Common Security 1.0.0                                    [4/15]
[INFO]   from shared\common-security\pom.xml
[INFO] --------------------------------[ jar ]---------------------------------
[INFO] 
[INFO] --- jacoco:0.8.12:prepare-agent (default) @ common-security ---
[INFO] argLine set to -javaagent:C:\\Users\\user\\.m2\\repository\\org\\jacoco\\org.jacoco.agent\\0.8.12\\org.jacoco.agent-0.8.12-runtime.jar=destfile=C:\\Project\\Application\\shared\\common-security\\target\\jacoco.exec
[INFO] 
[INFO] --- resources:3.3.1:resources (default-resources) @ common-security ---
[INFO] skip non existing resourceDirectory C:\Project\Application\shared\common-security\src\main\resources
[INFO] skip non existing resourceDirectory C:\Project\Application\shared\common-security\src\main\resources
[INFO] 
[INFO] --- compiler:3.11.0:compile (default-compile) @ common-security ---
[INFO] Nothing to compile - all classes are up to date
[INFO] 
[INFO] --- resources:3.3.1:testResources (default-testResources) @ common-security ---
[INFO] skip non existing resourceDirectory C:\Project\Application\shared\common-security\src\test\resources
[INFO] 
[INFO] --- compiler:3.11.0:testCompile (default-testCompile) @ common-security ---
[INFO] No sources to compile
[INFO] 
[INFO] --- surefire:3.1.2:test (default-test) @ common-security ---
[INFO] No tests to run.
[INFO] 
[INFO] --- jacoco:0.8.12:report (report) @ common-security ---
[INFO] Skipping JaCoCo execution due to missing execution data file.
[INFO] 
[INFO] -------------------< com.healthlife:gateway-service >-------------------
[INFO] Building Gateway Service 1.0.0                                    [5/15]
[INFO]   from services\gateway-service\pom.xml
[INFO] --------------------------------[ jar ]---------------------------------
[INFO] 
[INFO] --- jacoco:0.8.12:prepare-agent (default) @ gateway-service ---
[INFO] argLine set to -javaagent:C:\\Users\\user\\.m2\\repository\\org\\jacoco\\org.jacoco.agent\\0.8.12\\org.jacoco.agent-0.8.12-runtime.jar=destfile=C:\\Project\\Application\\services\\gateway-service\\target\\jacoco.exec
[INFO] 
[INFO] --- resources:3.3.1:resources (default-resources) @ gateway-service ---
[INFO] Copying 1 resource from src\main\resources to target\classes
[INFO] Copying 1 resource from src\main\resources to target\classes
[INFO] 
[INFO] --- compiler:3.11.0:compile (default-compile) @ gateway-service ---
[INFO] Nothing to compile - all classes are up to date
[INFO] 
[INFO] --- resources:3.3.1:testResources (default-testResources) @ gateway-service ---
[INFO] Copying 1 resource from src\test\resources to target\test-classes
[INFO] 
[INFO] --- compiler:3.11.0:testCompile (default-testCompile) @ gateway-service ---
[INFO] Nothing to compile - all classes are up to date
[INFO] 
[INFO] --- surefire:3.1.2:test (default-test) @ gateway-service ---
[INFO] Using auto detected provider org.apache.maven.surefire.junitplatform.JUnitPlatformProvider
[INFO] 
[INFO] -------------------------------------------------------
[INFO]  T E S T S
[INFO] -------------------------------------------------------
[INFO] Running com.healthlife.gateway.GatewayRoutingContractTest
18:59:42.056 [main] INFO org.springframework.test.context.support.AnnotationConfigContextLoaderUtils -- Could not detect default configuration classes for test class [com.healthlife.gateway.GatewayRoutingContractTest]: GatewayRoutingContractTest does not declare any static, non-private, non-final, nested classes annotated with @Configuration.
18:59:42.333 [main] INFO org.springframework.boot.test.context.SpringBootTestContextBootstrapper -- Found @SpringBootConfiguration com.healthlife.gateway.GatewayServiceApplication for test class com.healthlife.gateway.GatewayRoutingContractTest
mvn : WARNING: A Java agent has been loaded dynamically (C:\Users\user\.m2\repository\net\bytebuddy\byte-buddy-agent\1.14.13\byte-buddy-agent-1.14.13.jar)
At line:1 char:1
+ mvn test 2>&1 | Out-File -FilePath test-results.txt -Encoding utf8
+ ~~~~~~~~~~~~~
    + CategoryInfo          : NotSpecified: (WARNING: A Java...nt-1.14.13.jar):String) [], RemoteException
    + FullyQualifiedErrorId : NativeCommandError
 
WARNING: If a serviceability tool is in use, please run with -XX:+EnableDynamicAgentLoading to hide this warning
WARNING: If a serviceability tool is not in use, please run with -Djdk.instrument.traceUsage for more information
WARNING: Dynamic loading of agents will be disallowed by default in a future release
OpenJDK 64-Bit Server VM warning: Sharing is only supported for boot loader classes because bootstrap classpath has been appended
18:59:41,848 |-INFO in ch.qos.logback.classic.LoggerContext[default] - This is logback-classic version 1.4.14
18:59:41,848 |-INFO in ch.qos.logback.classic.util.ContextInitializer@2b80e5a9 - Here is a list of configurators discovered as a service, by rank: 
18:59:41,848 |-INFO in ch.qos.logback.classic.util.ContextInitializer@2b80e5a9 -   org.springframework.boot.logging.logback.RootLogLevelConfigurator
18:59:41,848 |-INFO in ch.qos.logback.classic.util.ContextInitializer@2b80e5a9 - They will be invoked in order until ExecutionStatus.DO_NOT_INVOKE_NEXT_IF_ANY is returned.
18:59:41,848 |-INFO in ch.qos.logback.classic.util.ContextInitializer@2b80e5a9 - Constructed configurator of type class org.springframework.boot.logging.logback.RootLogLevelConfigurator
18:59:41,869 |-INFO in ch.qos.logback.classic.util.ContextInitializer@2b80e5a9 - org.springframework.boot.logging.logback.RootLogLevelConfigurator.configure() call lasted 0 milliseconds. ExecutionStatus=INVOKE_NEXT_IF_ANY
18:59:41,869 |-INFO in ch.qos.logback.classic.util.ContextInitializer@2b80e5a9 - Trying to configure with ch.qos.logback.classic.joran.SerializedModelConfigurator
18:59:41,873 |-INFO in ch.qos.logback.classic.util.ContextInitializer@2b80e5a9 - Constructed configurator of type class ch.qos.logback.classic.joran.SerializedModelConfigurator
18:59:41,875 |-INFO in ch.qos.logback.classic.LoggerContext[default] - Could NOT find resource [logback-test.scmo]
18:59:41,875 |-INFO in ch.qos.logback.classic.LoggerContext[default] - Could NOT find resource [logback.scmo]
18:59:41,875 |-INFO in ch.qos.logback.classic.util.ContextInitializer@2b80e5a9 - ch.qos.logback.classic.joran.SerializedModelConfigurator.configure() call lasted 2 milliseconds. ExecutionStatus=INVOKE_NEXT_IF_ANY
18:59:41,875 |-INFO in ch.qos.logback.classic.util.ContextInitializer@2b80e5a9 - Trying to configure with ch.qos.logback.classic.util.DefaultJoranConfigurator
18:59:41,877 |-INFO in ch.qos.logback.classic.util.ContextInitializer@2b80e5a9 - Constructed configurator of type class ch.qos.logback.classic.util.DefaultJoranConfigurator
18:59:41,877 |-INFO in ch.qos.logback.classic.LoggerContext[default] - Could NOT find resource [logback-test.xml]
18:59:41,877 |-INFO in ch.qos.logback.classic.LoggerContext[default] - Could NOT find resource [logback.xml]
18:59:41,877 |-INFO in ch.qos.logback.classic.util.ContextInitializer@2b80e5a9 - ch.qos.logback.classic.util.DefaultJoranConfigurator.configure() call lasted 0 milliseconds. ExecutionStatus=INVOKE_NEXT_IF_ANY
18:59:41,877 |-INFO in ch.qos.logback.classic.util.ContextInitializer@2b80e5a9 - Trying to configure with ch.qos.logback.classic.BasicConfigurator
18:59:41,877 |-INFO in ch.qos.logback.classic.util.ContextInitializer@2b80e5a9 - Constructed configurator of type class ch.qos.logback.classic.BasicConfigurator
18:59:41,877 |-INFO in ch.qos.logback.classic.BasicConfigurator@4cc01c7f - Setting up default configuration.
18:59:41,898 |-INFO in ch.qos.logback.classic.util.ContextInitializer@2b80e5a9 - ch.qos.logback.classic.BasicConfigurator.configure() call lasted 21 milliseconds. ExecutionStatus=NEUTRAL
18:59:45,839 |-INFO in ch.qos.logback.core.model.processor.AppenderModelHandler - Processing appender named [CONSOLE]
18:59:45,839 |-INFO in ch.qos.logback.core.model.processor.AppenderModelHandler - About to instantiate appender of type [ch.qos.logback.core.ConsoleAppender]
18:59:46,124 |-WARN in ch.qos.logback.core.model.processor.AppenderModelHandler - Appender named [CONSOLE_JSON] not referenced. Skipping further processing.
18:59:46,124 |-INFO in ch.qos.logback.classic.model.processor.RootLoggerModelHandler - Setting level of ROOT logger to INFO
18:59:46,124 |-INFO in ch.qos.logback.classic.jul.LevelChangePropagator@2a50b32d - Propagating INFO level on Logger[ROOT] onto the JUL framework
18:59:46,124 |-INFO in ch.qos.logback.core.model.processor.AppenderRefModelHandler - Attaching appender named [CONSOLE] to Logger[ROOT]
18:59:46,124 |-INFO in ch.qos.logback.classic.model.processor.LoggerModelHandler - Setting level of logger [com.healthlife] to INFO
18:59:46,124 |-INFO in ch.qos.logback.classic.jul.LevelChangePropagator@2a50b32d - Propagating INFO level on Logger[com.healthlife] onto the JUL framework
18:59:46,124 |-INFO in ch.qos.logback.classic.model.processor.LoggerModelHandler - Setting level of logger [org.springframework.web] to INFO
18:59:46,124 |-INFO in ch.qos.logback.classic.jul.LevelChangePropagator@2a50b32d - Propagating INFO level on Logger[org.springframework.web] onto the JUL framework
18:59:46,124 |-INFO in ch.qos.logback.classic.model.processor.LoggerModelHandler - Setting level of logger [org.hibernate.SQL] to WARN
18:59:46,124 |-INFO in ch.qos.logback.classic.jul.LevelChangePropagator@2a50b32d - Propagating WARN level on Logger[org.hibernate.SQL] onto the JUL framework
18:59:46,124 |-INFO in ch.qos.logback.core.model.processor.DefaultProcessor@36c7cbe1 - End of configuration.
18:59:46,124 |-INFO in org.springframework.boot.logging.logback.SpringBootJoranConfigurator@1ac6dd3d - Registering current configuration as safe fallback point


  .   ____          _            __ _ _
 /\\ / ___'_ __ _ _(_)_ __  __ _ \ \ \ \
( ( )\___ | '_ | '_| | '_ \/ _` | \ \ \ \
 \\/  ___)| |_)| | | | | || (_| |  ) ) ) )
  '  |____| .__|_| |_|_| |_\__, | / / / /
 =========|_|==============|___/=/_/_/_/
 :: Spring Boot ::                (v3.2.5)

{"@timestamp":"2026-05-08T18:59:46.4141968+03:00","@version":"1","message":"Starting GatewayRoutingContractTest using Java 21.0.6 with PID 10720 (started by user in C:\\Project\\Application\\services\\gateway-service)","logger_name":"com.healthlife.gateway.GatewayRoutingContractTest","thread_name":"main","level":"INFO","level_value":20000}
{"@timestamp":"2026-05-08T18:59:46.4554757+03:00","@version":"1","message":"The following 1 profile is active: \"test\"","logger_name":"com.healthlife.gateway.GatewayRoutingContractTest","thread_name":"main","level":"INFO","level_value":20000}
{"@timestamp":"2026-05-08T18:59:53.1998627+03:00","@version":"1","message":"Tomcat initialized with port 0 (http)","logger_name":"org.springframework.boot.web.embedded.tomcat.TomcatWebServer","thread_name":"main","level":"INFO","level_value":20000}
{"@timestamp":"2026-05-08T18:59:53.263885+03:00","@version":"1","message":"Initializing ProtocolHandler [\"http-nio-auto-1\"]","logger_name":"org.apache.coyote.http11.Http11NioProtocol","thread_name":"main","level":"INFO","level_value":20000}
{"@timestamp":"2026-05-08T18:59:53.2733803+03:00","@version":"1","message":"Starting service [Tomcat]","logger_name":"org.apache.catalina.core.StandardService","thread_name":"main","level":"INFO","level_value":20000}
{"@timestamp":"2026-05-08T18:59:53.2733803+03:00","@version":"1","message":"Starting Servlet engine: [Apache Tomcat/10.1.20]","logger_name":"org.apache.catalina.core.StandardEngine","thread_name":"main","level":"INFO","level_value":20000}
{"@timestamp":"2026-05-08T18:59:53.5527145+03:00","@version":"1","message":"Initializing Spring embedded WebApplicationContext","logger_name":"org.apache.catalina.core.ContainerBase.[Tomcat].[localhost].[/]","thread_name":"main","level":"INFO","level_value":20000}
{"@timestamp":"2026-05-08T18:59:53.5552555+03:00","@version":"1","message":"Root WebApplicationContext: initialization completed in 6535 ms","logger_name":"org.springframework.boot.web.servlet.context.ServletWebServerApplicationContext","thread_name":"main","level":"INFO","level_value":20000}
{"@timestamp":"2026-05-08T18:59:58.2751952+03:00","@version":"1","message":"\r\n\r\nUsing generated security password: 5c3b61d4-544d-45dc-be68-e952db96c8a3\r\n\r\nThis generated password is for development use only. Your security configuration must be updated before running your application in production.\r\n","logger_name":"org.springframework.boot.autoconfigure.security.servlet.UserDetailsServiceAutoConfiguration","thread_name":"main","level":"WARN","level_value":30000}
{"@timestamp":"2026-05-08T18:59:59.9737042+03:00","@version":"1","message":"Exposing 3 endpoint(s) beneath base path '/actuator'","logger_name":"org.springframework.boot.actuate.endpoint.web.EndpointLinksResolver","thread_name":"main","level":"INFO","level_value":20000}
{"@timestamp":"2026-05-08T19:00:00.390048+03:00","@version":"1","message":"Will secure any request with [org.springframework.security.web.session.DisableEncodeUrlFilter@1f315f3d, org.springframework.security.web.context.request.async.WebAsyncManagerIntegrationFilter@63f1d374, org.springframework.security.web.context.SecurityContextHolderFilter@1435b17, org.springframework.security.web.header.HeaderWriterFilter@53e780d7, org.springframework.web.filter.CorsFilter@54ad9ff9, org.springframework.web.filter.CorsFilter@3b6b9981, org.springframework.security.web.authentication.logout.LogoutFilter@4d53dfb7, com.healthlife.common.security.JwtAuthenticationFilter@94b5fe3, org.springframework.security.web.savedrequest.RequestCacheAwareFilter@50e7f88b, org.springframework.security.web.servletapi.SecurityContextHolderAwareRequestFilter@55a46bf3, org.springframework.security.web.authentication.AnonymousAuthenticationFilter@2eb6e166, org.springframework.security.web.session.SessionManagementFilter@19fdcaba, org.springframework.security.web.access.ExceptionTranslationFilter@4bba628, org.springframework.security.web.access.intercept.AuthorizationFilter@7e864a8c]","logger_name":"org.springframework.security.web.DefaultSecurityFilterChain","thread_name":"main","level":"INFO","level_value":20000}
{"@timestamp":"2026-05-08T19:00:02.3988221+03:00","@version":"1","message":"Starting ProtocolHandler [\"http-nio-auto-1\"]","logger_name":"org.apache.coyote.http11.Http11NioProtocol","thread_name":"main","level":"INFO","level_value":20000}
{"@timestamp":"2026-05-08T19:00:02.4404098+03:00","@version":"1","message":"Tomcat started on port 17210 (http) with context path ''","logger_name":"org.springframework.boot.web.embedded.tomcat.TomcatWebServer","thread_name":"main","level":"INFO","level_value":20000}
{"@timestamp":"2026-05-08T19:00:02.4837831+03:00","@version":"1","message":"Started GatewayRoutingContractTest in 17.931 seconds (process running for 22.084)","logger_name":"com.healthlife.gateway.GatewayRoutingContractTest","thread_name":"main","level":"INFO","level_value":20000}
{"@timestamp":"2026-05-08T19:00:04.4982124+03:00","@version":"1","message":"Initializing Spring DispatcherServlet 'dispatcherServlet'","logger_name":"org.apache.catalina.core.ContainerBase.[Tomcat].[localhost].[/]","thread_name":"http-nio-auto-1-exec-1","level":"INFO","level_value":20000}
{"@timestamp":"2026-05-08T19:00:04.4988314+03:00","@version":"1","message":"Initializing Servlet 'dispatcherServlet'","logger_name":"org.springframework.web.servlet.DispatcherServlet","thread_name":"http-nio-auto-1-exec-1","level":"INFO","level_value":20000}
{"@timestamp":"2026-05-08T19:00:04.4996126+03:00","@version":"1","message":"Completed initialization in 1 ms","logger_name":"org.springframework.web.servlet.DispatcherServlet","thread_name":"http-nio-auto-1-exec-1","level":"INFO","level_value":20000}
{"@timestamp":"2026-05-08T19:00:04.6345189+03:00","@version":"1","message":"REQUEST  method=GET path=/swagger-ui.html query=null headers={host=localhost:17210, connection=Keep-Alive, accept-encoding=gzip,deflate, accept=*/*, user-agent=Apache-HttpClient/4.5.13 (Java/21.0.6)}","logger_name":"com.healthlife.common.security.LoggingFilter","thread_name":"http-nio-auto-1-exec-1","level":"INFO","level_value":20000,"traceId":"69fe0884dbcee66a19934fa039453b17","spanId":"19934fa039453b17","requestId":"8ce98d00-1023-4d84-be86-ce23ba554317"}
{"@timestamp":"2026-05-08T19:00:04.6398374+03:00","@version":"1","message":"RESPONSE status=302 durationMs=103 headers={X-Request-Id=8ce98d00-1023-4d84-be86-ce23ba554317, X-Content-Type-Options=nosniff, Permissions-Policy=geolocation=(), microphone=(), camera=(), Pragma=no-cache, X-Frame-Options=DENY, Referrer-Policy=strict-origin-when-cross-origin, Strict-Transport-Security=max-age=31536000; includeSubDomains; preload, Cache-Control=no-cache, no-store, max-age=0, must-revalidate, Content-Security-Policy=default-src 'self'; frame-ancestors 'none';, Vary=Origin, Expires=0, X-XSS-Protection=1; mode=block, Location=/swagger-ui/index.html}","logger_name":"com.healthlife.common.security.LoggingFilter","thread_name":"http-nio-auto-1-exec-1","level":"INFO","level_value":20000,"traceId":"69fe0884dbcee66a19934fa039453b17","spanId":"19934fa039453b17","requestId":"8ce98d00-1023-4d84-be86-ce23ba554317"}
{"@timestamp":"2026-05-08T19:00:04.6764175+03:00","@version":"1","message":"REQUEST  method=GET path=/swagger-ui/index.html query=null headers={host=localhost:17210, connection=Keep-Alive, accept-encoding=gzip,deflate, accept=*/*, user-agent=Apache-HttpClient/4.5.13 (Java/21.0.6)}","logger_name":"com.healthlife.common.security.LoggingFilter","thread_name":"http-nio-auto-1-exec-2","level":"INFO","level_value":20000,"traceId":"69fe0884bef1cdc4f381d401fadd4bdf","spanId":"f381d401fadd4bdf","requestId":"0f4ed2d3-bc7a-4b38-856b-6ef0572c90d6"}
{"@timestamp":"2026-05-08T19:00:04.6764175+03:00","@version":"1","message":"RESPONSE status=200 durationMs=17 headers={X-Request-Id=0f4ed2d3-bc7a-4b38-856b-6ef0572c90d6, X-Content-Type-Options=nosniff, Permissions-Policy=geolocation=(), microphone=(), camera=(), Last-Modified=Fri, 01 May 2026 13:07:26 GMT, Pragma=no-cache, X-Frame-Options=DENY, Referrer-Policy=strict-origin-when-cross-origin, Accept-Ranges=bytes, Strict-Transport-Security=max-age=31536000; includeSubDomains; preload, Cache-Control=no-cache, no-store, max-age=0, must-revalidate, Content-Security-Policy=default-src 'self'; frame-ancestors 'none';, Vary=Origin, Expires=0, X-XSS-Protection=1; mode=block, Content-Length=734}","logger_name":"com.healthlife.common.security.LoggingFilter","thread_name":"http-nio-auto-1-exec-2","level":"INFO","level_value":20000,"traceId":"69fe0884bef1cdc4f381d401fadd4bdf","spanId":"f381d401fadd4bdf","requestId":"0f4ed2d3-bc7a-4b38-856b-6ef0572c90d6"}
{"@timestamp":"2026-05-08T19:00:04.9520829+03:00","@version":"1","message":"REQUEST  method=GET path=/actuator/health query=null headers={host=localhost:17210, connection=Keep-Alive, accept-encoding=gzip,deflate, accept=*/*, user-agent=Apache-HttpClient/4.5.13 (Java/21.0.6)}","logger_name":"com.healthlife.common.security.LoggingFilter","thread_name":"http-nio-auto-1-exec-3","level":"INFO","level_value":20000,"traceId":"69fe088449ea48a194cf30e8959ac4ce","spanId":"94cf30e8959ac4ce","requestId":"9b3567f3-b0fd-4401-bcb7-2058c99f0bd2"}
{"@timestamp":"2026-05-08T19:00:04.9541093+03:00","@version":"1","message":"RESPONSE status=200 durationMs=132 headers={X-Frame-Options=DENY, Referrer-Policy=strict-origin-when-cross-origin, Strict-Transport-Security=max-age=31536000; includeSubDomains; preload, Cache-Control=no-cache, no-store, max-age=0, must-revalidate, X-Request-Id=9b3567f3-b0fd-4401-bcb7-2058c99f0bd2, X-Content-Type-Options=nosniff, Content-Security-Policy=default-src 'self'; frame-ancestors 'none';, Permissions-Policy=geolocation=(), microphone=(), camera=(), Vary=Origin, Pragma=no-cache, Expires=0, X-XSS-Protection=1; mode=block}","logger_name":"com.healthlife.common.security.LoggingFilter","thread_name":"http-nio-auto-1-exec-3","level":"INFO","level_value":20000,"traceId":"69fe088449ea48a194cf30e8959ac4ce","spanId":"94cf30e8959ac4ce","requestId":"9b3567f3-b0fd-4401-bcb7-2058c99f0bd2"}
{"@timestamp":"2026-05-08T19:00:05.1633686+03:00","@version":"1","message":"REQUEST  method=GET path=/api/v1/unknown/route query=null headers={authorization=***, host=localhost:17210, connection=Keep-Alive, accept-encoding=gzip,deflate, accept=*/*, user-agent=Apache-HttpClient/4.5.13 (Java/21.0.6)}","logger_name":"com.healthlife.common.security.LoggingFilter","thread_name":"http-nio-auto-1-exec-8","level":"INFO","level_value":20000,"traceId":"69fe0885f521730a856d117559d5f4f5","spanId":"856d117559d5f4f5","requestId":"9b94dec5-1572-4eb8-8bb8-9e58f961aad8"}
{"@timestamp":"2026-05-08T19:00:05.1633686+03:00","@version":"1","message":"RESPONSE status=404 durationMs=142 headers={X-Frame-Options=DENY, Referrer-Policy=strict-origin-when-cross-origin, Strict-Transport-Security=max-age=31536000; includeSubDomains; preload, Cache-Control=no-cache, no-store, max-age=0, must-revalidate, X-Request-Id=9b94dec5-1572-4eb8-8bb8-9e58f961aad8, X-Content-Type-Options=nosniff, Content-Security-Policy=default-src 'self'; frame-ancestors 'none';, Permissions-Policy=geolocation=(), microphone=(), camera=(), Vary=Origin, Pragma=no-cache, Expires=0, X-XSS-Protection=1; mode=block}","logger_name":"com.healthlife.common.security.LoggingFilter","thread_name":"http-nio-auto-1-exec-8","level":"INFO","level_value":20000,"traceId":"69fe0885f521730a856d117559d5f4f5","spanId":"856d117559d5f4f5","requestId":"9b94dec5-1572-4eb8-8bb8-9e58f961aad8"}
[INFO] Tests run: 3, Failures: 0, Errors: 0, Skipped: 0, Time elapsed: 23.46 s -- in com.healthlife.gateway.GatewayRoutingContractTest
[INFO] 
[INFO] Results:
[INFO] 
[INFO] Tests run: 3, Failures: 0, Errors: 0, Skipped: 0
[INFO] 
[INFO] 
[INFO] --- jacoco:0.8.12:report (report) @ gateway-service ---
[INFO] Skipping JaCoCo execution due to missing execution data file.
[INFO] 
[INFO] --------------------< com.healthlife:auth-service >---------------------
[INFO] Building Auth Service 1.0.0                                       [6/15]
[INFO]   from services\auth-service\pom.xml
[INFO] --------------------------------[ jar ]---------------------------------
[INFO] 
[INFO] --- jacoco:0.8.12:prepare-agent (default) @ auth-service ---
[INFO] argLine set to -javaagent:C:\\Users\\user\\.m2\\repository\\org\\jacoco\\org.jacoco.agent\\0.8.12\\org.jacoco.agent-0.8.12-runtime.jar=destfile=C:\\Project\\Application\\services\\auth-service\\target\\jacoco.exec
[INFO] 
[INFO] --- resources:3.3.1:resources (default-resources) @ auth-service ---
[INFO] Copying 2 resources from src\main\resources to target\classes
[INFO] Copying 2 resources from src\main\resources to target\classes
[INFO] 
[INFO] --- compiler:3.11.0:compile (default-compile) @ auth-service ---
[INFO] Nothing to compile - all classes are up to date
[INFO] 
[INFO] --- resources:3.3.1:testResources (default-testResources) @ auth-service ---
[INFO] skip non existing resourceDirectory C:\Project\Application\services\auth-service\src\test\resources
[INFO] 
[INFO] --- compiler:3.11.0:testCompile (default-testCompile) @ auth-service ---
[INFO] Nothing to compile - all classes are up to date
[INFO] 
[INFO] --- surefire:3.1.2:test (default-test) @ auth-service ---
[INFO] Using auto detected provider org.apache.maven.surefire.junitplatform.JUnitPlatformProvider
[INFO] 
[INFO] -------------------------------------------------------
[INFO]  T E S T S
[INFO] -------------------------------------------------------
[INFO] Running com.healthlife.auth.AuthServiceCriticalTest
Standard Commons Logging discovery in action with spring-jcl: please remove commons-logging.jar from classpath in order to avoid potential conflicts
19:00:08.482 [main] INFO org.springframework.test.context.support.AnnotationConfigContextLoaderUtils -- Could not detect default configuration classes for test class [com.healthlife.auth.AuthServiceCriticalTest]: AuthServiceCriticalTest does not declare any static, non-private, non-final, nested classes annotated with @Configuration.
19:00:08.873 [main] INFO org.springframework.boot.test.context.SpringBootTestContextBootstrapper -- Found @SpringBootConfiguration com.healthlife.auth.AuthServiceApplication for test class com.healthlife.auth.AuthServiceCriticalTest
19:00:08,278 |-INFO in ch.qos.logback.classic.LoggerContext[default] - This is logback-classic version 1.4.14
19:00:08,281 |-INFO in ch.qos.logback.classic.util.ContextInitializer@57402ba1 - Here is a list of configurators discovered as a service, by rank: 
19:00:08,281 |-INFO in ch.qos.logback.classic.util.ContextInitializer@57402ba1 -   org.springframework.boot.logging.logback.RootLogLevelConfigurator
19:00:08,281 |-INFO in ch.qos.logback.classic.util.ContextInitializer@57402ba1 - They will be invoked in order until ExecutionStatus.DO_NOT_INVOKE_NEXT_IF_ANY is returned.
19:00:08,281 |-INFO in ch.qos.logback.classic.util.ContextInitializer@57402ba1 - Constructed configurator of type class org.springframework.boot.logging.logback.RootLogLevelConfigurator
19:00:08,295 |-INFO in ch.qos.logback.classic.util.ContextInitializer@57402ba1 - org.springframework.boot.logging.logback.RootLogLevelConfigurator.configure() call lasted 0 milliseconds. ExecutionStatus=INVOKE_NEXT_IF_ANY
19:00:08,295 |-INFO in ch.qos.logback.classic.util.ContextInitializer@57402ba1 - Trying to configure with ch.qos.logback.classic.joran.SerializedModelConfigurator
19:00:08,296 |-INFO in ch.qos.logback.classic.util.ContextInitializer@57402ba1 - Constructed configurator of type class ch.qos.logback.classic.joran.SerializedModelConfigurator
19:00:08,298 |-INFO in ch.qos.logback.classic.LoggerContext[default] - Could NOT find resource [logback-test.scmo]
19:00:08,298 |-INFO in ch.qos.logback.classic.LoggerContext[default] - Could NOT find resource [logback.scmo]
19:00:08,298 |-INFO in ch.qos.logback.classic.util.ContextInitializer@57402ba1 - ch.qos.logback.classic.joran.SerializedModelConfigurator.configure() call lasted 2 milliseconds. ExecutionStatus=INVOKE_NEXT_IF_ANY
19:00:08,298 |-INFO in ch.qos.logback.classic.util.ContextInitializer@57402ba1 - Trying to configure with ch.qos.logback.classic.util.DefaultJoranConfigurator
19:00:08,298 |-INFO in ch.qos.logback.classic.util.ContextInitializer@57402ba1 - Constructed configurator of type class ch.qos.logback.classic.util.DefaultJoranConfigurator
19:00:08,298 |-INFO in ch.qos.logback.classic.LoggerContext[default] - Could NOT find resource [logback-test.xml]
19:00:08,298 |-INFO in ch.qos.logback.classic.LoggerContext[default] - Could NOT find resource [logback.xml]
19:00:08,298 |-INFO in ch.qos.logback.classic.util.ContextInitializer@57402ba1 - ch.qos.logback.classic.util.DefaultJoranConfigurator.configure() call lasted 0 milliseconds. ExecutionStatus=INVOKE_NEXT_IF_ANY
19:00:08,298 |-INFO in ch.qos.logback.classic.util.ContextInitializer@57402ba1 - Trying to configure with ch.qos.logback.classic.BasicConfigurator
19:00:08,298 |-INFO in ch.qos.logback.classic.util.ContextInitializer@57402ba1 - Constructed configurator of type class ch.qos.logback.classic.BasicConfigurator
19:00:08,298 |-INFO in ch.qos.logback.classic.BasicConfigurator@56913163 - Setting up default configuration.
19:00:08,329 |-INFO in ch.qos.logback.classic.util.ContextInitializer@57402ba1 - ch.qos.logback.classic.BasicConfigurator.configure() call lasted 31 milliseconds. ExecutionStatus=NEUTRAL
19:00:10,148 |-INFO in ch.qos.logback.core.model.processor.AppenderModelHandler - Processing appender named [CONSOLE]
19:00:10,148 |-INFO in ch.qos.logback.core.model.processor.AppenderModelHandler - About to instantiate appender of type [ch.qos.logback.core.ConsoleAppender]
19:00:10,408 |-WARN in ch.qos.logback.core.model.processor.AppenderModelHandler - Appender named [CONSOLE_JSON] not referenced. Skipping further processing.
19:00:10,408 |-INFO in ch.qos.logback.classic.model.processor.RootLoggerModelHandler - Setting level of ROOT logger to INFO
19:00:10,409 |-INFO in ch.qos.logback.classic.jul.LevelChangePropagator@702b06fb - Propagating INFO level on Logger[ROOT] onto the JUL framework
19:00:10,414 |-INFO in ch.qos.logback.core.model.processor.AppenderRefModelHandler - Attaching appender named [CONSOLE] to Logger[ROOT]
19:00:10,415 |-INFO in ch.qos.logback.classic.model.processor.LoggerModelHandler - Setting level of logger [com.healthlife] to INFO
19:00:10,415 |-INFO in ch.qos.logback.classic.jul.LevelChangePropagator@702b06fb - Propagating INFO level on Logger[com.healthlife] onto the JUL framework
19:00:10,416 |-INFO in ch.qos.logback.classic.model.processor.LoggerModelHandler - Setting level of logger [org.springframework.web] to INFO
19:00:10,416 |-INFO in ch.qos.logback.classic.jul.LevelChangePropagator@702b06fb - Propagating INFO level on Logger[org.springframework.web] onto the JUL framework
19:00:10,416 |-INFO in ch.qos.logback.classic.model.processor.LoggerModelHandler - Setting level of logger [org.hibernate.SQL] to WARN
19:00:10,416 |-INFO in ch.qos.logback.classic.jul.LevelChangePropagator@702b06fb - Propagating WARN level on Logger[org.hibernate.SQL] onto the JUL framework
19:00:10,417 |-INFO in ch.qos.logback.core.model.processor.DefaultProcessor@a18649a - End of configuration.
19:00:10,417 |-INFO in org.springframework.boot.logging.logback.SpringBootJoranConfigurator@5c534b5b - Registering current configuration as safe fallback point


  .   ____          _            __ _ _
 /\\ / ___'_ __ _ _(_)_ __  __ _ \ \ \ \
( ( )\___ | '_ | '_| | '_ \/ _` | \ \ \ \
 \\/  ___)| |_)| | | | | || (_| |  ) ) ) )
  '  |____| .__|_| |_|_| |_\__, | / / / /
 =========|_|==============|___/=/_/_/_/
 :: Spring Boot ::                (v3.2.5)

{"@timestamp":"2026-05-08T19:00:10.6107192+03:00","@version":"1","message":"HV000001: Hibernate Validator 8.0.1.Final","logger_name":"org.hibernate.validator.internal.util.Version","thread_name":"background-preinit","level":"INFO","level_value":20000}
{"@timestamp":"2026-05-08T19:00:10.6898011+03:00","@version":"1","message":"Starting AuthServiceCriticalTest using Java 21.0.6 with PID 28716 (started by user in C:\\Project\\Application\\services\\auth-service)","logger_name":"com.healthlife.auth.AuthServiceCriticalTest","thread_name":"main","level":"INFO","level_value":20000}
{"@timestamp":"2026-05-08T19:00:10.6898011+03:00","@version":"1","message":"The following 1 profile is active: \"test\"","logger_name":"com.healthlife.auth.AuthServiceCriticalTest","thread_name":"main","level":"INFO","level_value":20000}
{"@timestamp":"2026-05-08T19:00:13.6142027+03:00","@version":"1","message":"Multiple Spring Data modules found, entering strict repository configuration mode","logger_name":"org.springframework.data.repository.config.RepositoryConfigurationDelegate","thread_name":"main","level":"INFO","level_value":20000}
{"@timestamp":"2026-05-08T19:00:13.616212+03:00","@version":"1","message":"Bootstrapping Spring Data JPA repositories in DEFAULT mode.","logger_name":"org.springframework.data.repository.config.RepositoryConfigurationDelegate","thread_name":"main","level":"INFO","level_value":20000}
{"@timestamp":"2026-05-08T19:00:13.8484076+03:00","@version":"1","message":"Finished Spring Data repository scanning in 222 ms. Found 4 JPA repository interfaces.","logger_name":"org.springframework.data.repository.config.RepositoryConfigurationDelegate","thread_name":"main","level":"INFO","level_value":20000}
{"@timestamp":"2026-05-08T19:00:14.0148231+03:00","@version":"1","message":"Cannot enhance @Configuration bean definition 'authTestConfig' since its singleton instance has been created too early. The typical cause is a non-static @Bean method with a BeanDefinitionRegistryPostProcessor return type: Consider declaring such methods as 'static' and/or marking the containing configuration class as 'proxyBeanMethods=false'.","logger_name":"org.springframework.context.annotation.ConfigurationClassPostProcessor","thread_name":"main","level":"WARN","level_value":30000}
WARNING: A Java agent has been loaded dynamically (C:\Users\user\.m2\repository\net\bytebuddy\byte-buddy-agent\1.14.13\byte-buddy-agent-1.14.13.jar)
WARNING: If a serviceability tool is in use, please run with -XX:+EnableDynamicAgentLoading to hide this warning
WARNING: If a serviceability tool is not in use, please run with -Djdk.instrument.traceUsage for more information
WARNING: Dynamic loading of agents will be disallowed by default in a future release
OpenJDK 64-Bit Server VM warning: Sharing is only supported for boot loader classes because bootstrap classpath has been appended
{"@timestamp":"2026-05-08T19:00:20.673438+03:00","@version":"1","message":"HHH000204: Processing PersistenceUnitInfo [name: default]","logger_name":"org.hibernate.jpa.internal.util.LogHelper","thread_name":"main","level":"INFO","level_value":20000}
{"@timestamp":"2026-05-08T19:00:21.2231312+03:00","@version":"1","message":"HHH000412: Hibernate ORM core version 6.4.4.Final","logger_name":"org.hibernate.Version","thread_name":"main","level":"INFO","level_value":20000}
{"@timestamp":"2026-05-08T19:00:21.350102+03:00","@version":"1","message":"HHH000026: Second-level cache disabled","logger_name":"org.hibernate.cache.internal.RegionFactoryInitiator","thread_name":"main","level":"INFO","level_value":20000}
{"@timestamp":"2026-05-08T19:00:21.5897407+03:00","@version":"1","message":"No LoadTimeWeaver setup: ignoring JPA class transformer","logger_name":"org.springframework.orm.jpa.persistenceunit.SpringPersistenceUnitInfo","thread_name":"main","level":"INFO","level_value":20000}
{"@timestamp":"2026-05-08T19:00:21.6565034+03:00","@version":"1","message":"HikariPool-1 - Starting...","logger_name":"com.zaxxer.hikari.HikariDataSource","thread_name":"main","level":"INFO","level_value":20000}
{"@timestamp":"2026-05-08T19:00:22.1064429+03:00","@version":"1","message":"HikariPool-1 - Added connection conn0: url=jdbc:h2:mem:testdb user=SA","logger_name":"com.zaxxer.hikari.pool.HikariPool","thread_name":"main","level":"INFO","level_value":20000}
{"@timestamp":"2026-05-08T19:00:22.1099753+03:00","@version":"1","message":"HikariPool-1 - Start completed.","logger_name":"com.zaxxer.hikari.HikariDataSource","thread_name":"main","level":"INFO","level_value":20000}
{"@timestamp":"2026-05-08T19:00:24.1236064+03:00","@version":"1","message":"HHH000489: No JTA platform available (set 'hibernate.transaction.jta.platform' to enable JTA platform integration)","logger_name":"org.hibernate.engine.transaction.jta.platform.internal.JtaPlatformInitiator","thread_name":"main","level":"INFO","level_value":20000}
Hibernate: drop table if exists email_verification_tokens cascade 
Hibernate: drop table if exists password_reset_tokens cascade 
Hibernate: drop table if exists refresh_tokens cascade 
Hibernate: drop table if exists users cascade 
Hibernate: create table email_verification_tokens (used boolean, created_at timestamp(6) with time zone, expiry_date timestamp(6) with time zone not null, id uuid not null, user_id uuid not null, token varchar(255) not null unique, primary key (id))
Hibernate: create table password_reset_tokens (used boolean, created_at timestamp(6) with time zone, expiry_date timestamp(6) with time zone not null, id uuid not null, user_id uuid not null, token varchar(255) not null unique, primary key (id))
Hibernate: create table refresh_tokens (created_at timestamp(6) with time zone, expiry_date timestamp(6) with time zone not null, id uuid not null, user_id uuid not null, token varchar(255) not null unique, primary key (id))
Hibernate: create table users (date_of_birth date, email_verified boolean, height_cm numeric(38,2), mfa_enabled boolean, created_at timestamp(6) with time zone, deleted_at timestamp(6) with time zone, updated_at timestamp(6) with time zone, id uuid not null, gender varchar(20), role varchar(20), timezone varchar(50), display_name varchar(100), mfa_secret varchar(100), email varchar(255) not null unique, password_hash varchar(255), primary key (id))
Hibernate: alter table if exists email_verification_tokens add constraint FKi1c4mmamlb8keqt74k4lrtwhc foreign key (user_id) references users
Hibernate: alter table if exists password_reset_tokens add constraint FKk3ndxg5xp6v7wd4gjyusp15gq foreign key (user_id) references users
Hibernate: alter table if exists refresh_tokens add constraint FK1lih5y2npsf8u5o3vhdb9y0os foreign key (user_id) references users
{"@timestamp":"2026-05-08T19:00:24.2748206+03:00","@version":"1","message":"Initialized JPA EntityManagerFactory for persistence unit 'default'","logger_name":"org.springframework.orm.jpa.LocalContainerEntityManagerFactoryBean","thread_name":"main","level":"INFO","level_value":20000}
{"@timestamp":"2026-05-08T19:00:26.5574565+03:00","@version":"1","message":"Hibernate is in classpath; If applicable, HQL parser will be used.","logger_name":"org.springframework.data.jpa.repository.query.QueryEnhancerFactory","thread_name":"main","level":"INFO","level_value":20000}
{"@timestamp":"2026-05-08T19:00:29.7423032+03:00","@version":"1","message":"spring.jpa.open-in-view is enabled by default. Therefore, database queries may be performed during view rendering. Explicitly configure spring.jpa.open-in-view to disable this warning","logger_name":"org.springframework.boot.autoconfigure.orm.jpa.JpaBaseConfiguration$JpaWebConfiguration","thread_name":"main","level":"WARN","level_value":30000}
{"@timestamp":"2026-05-08T19:00:29.823112+03:00","@version":"1","message":"\r\n\r\nUsing generated security password: c1332266-ee04-43c2-9079-341cdca8de2c\r\n\r\nThis generated password is for development use only. Your security configuration must be updated before running your application in production.\r\n","logger_name":"org.springframework.boot.autoconfigure.security.servlet.UserDetailsServiceAutoConfiguration","thread_name":"main","level":"WARN","level_value":30000}
{"@timestamp":"2026-05-08T19:00:31.4328232+03:00","@version":"1","message":"Exposing 3 endpoint(s) beneath base path '/actuator'","logger_name":"org.springframework.boot.actuate.endpoint.web.EndpointLinksResolver","thread_name":"main","level":"INFO","level_value":20000}
{"@timestamp":"2026-05-08T19:00:31.5978643+03:00","@version":"1","message":"Will secure any request with [org.springframework.security.web.session.DisableEncodeUrlFilter@4f54afa5, org.springframework.security.web.context.request.async.WebAsyncManagerIntegrationFilter@598138b, org.springframework.security.web.context.SecurityContextHolderFilter@29f32a41, org.springframework.security.web.header.HeaderWriterFilter@729668d7, org.springframework.web.filter.CorsFilter@d19c280, org.springframework.web.filter.CorsFilter@7c96ee9e, org.springframework.security.web.authentication.logout.LogoutFilter@4e02800b, com.healthlife.common.security.JwtAuthenticationFilter@7e8a0192, org.springframework.security.web.savedrequest.RequestCacheAwareFilter@448ca967, org.springframework.security.web.servletapi.SecurityContextHolderAwareRequestFilter@39eab380, org.springframework.security.web.authentication.AnonymousAuthenticationFilter@16554f2e, org.springframework.security.web.session.SessionManagementFilter@53de637a, org.springframework.security.web.access.ExceptionTranslationFilter@6222ee67, org.springframework.security.web.access.intercept.AuthorizationFilter@646a5e76]","logger_name":"org.springframework.security.web.DefaultSecurityFilterChain","thread_name":"main","level":"INFO","level_value":20000}
{"@timestamp":"2026-05-08T19:00:33.6410333+03:00","@version":"1","message":"Initializing Spring TestDispatcherServlet ''","logger_name":"org.springframework.boot.test.mock.web.SpringBootMockServletContext","thread_name":"main","level":"INFO","level_value":20000}
{"@timestamp":"2026-05-08T19:00:33.6448407+03:00","@version":"1","message":"Initializing Servlet ''","logger_name":"org.springframework.test.web.servlet.TestDispatcherServlet","thread_name":"main","level":"INFO","level_value":20000}
{"@timestamp":"2026-05-08T19:00:33.6448407+03:00","@version":"1","message":"Completed initialization in 0 ms","logger_name":"org.springframework.test.web.servlet.TestDispatcherServlet","thread_name":"main","level":"INFO","level_value":20000}
{"@timestamp":"2026-05-08T19:00:33.7681808+03:00","@version":"1","message":"Started AuthServiceCriticalTest in 24.462 seconds (process running for 27.211)","logger_name":"com.healthlife.auth.AuthServiceCriticalTest","thread_name":"main","level":"INFO","level_value":20000}
Hibernate: select rt1_0.id,rt1_0.created_at,rt1_0.expiry_date,rt1_0.token,rt1_0.user_id from refresh_tokens rt1_0
Hibernate: select evt1_0.id,evt1_0.created_at,evt1_0.expiry_date,evt1_0.token,evt1_0.used,evt1_0.user_id from email_verification_tokens evt1_0
Hibernate: select prt1_0.id,prt1_0.created_at,prt1_0.expiry_date,prt1_0.token,prt1_0.used,prt1_0.user_id from password_reset_tokens prt1_0
Hibernate: select u1_0.id,u1_0.created_at,u1_0.date_of_birth,u1_0.deleted_at,u1_0.display_name,u1_0.email,u1_0.email_verified,u1_0.gender,u1_0.height_cm,u1_0.mfa_enabled,u1_0.mfa_secret,u1_0.password_hash,u1_0.role,u1_0.timezone,u1_0.updated_at from users u1_0
{"@timestamp":"2026-05-08T19:00:34.494721+03:00","@version":"1","message":"REQUEST  method=POST path=/api/v1/auth/register query=null headers={Content-Length=53, Content-Type=application/json;charset=UTF-8}","logger_name":"com.healthlife.common.security.LoggingFilter","thread_name":"main","level":"INFO","level_value":20000,"traceId":"69fe08a20eb419d988b41e37fe0e447c","spanId":"88b41e37fe0e447c","requestId":"0672457c-8fd3-4894-a96a-325b968a0c82"}
{"@timestamp":"2026-05-08T19:00:34.4951083+03:00","@version":"1","message":"RESPONSE status=400 durationMs=267 headers={X-Frame-Options=DENY, Cache-Control=no-cache, no-store, max-age=0, must-revalidate, X-Request-Id=0672457c-8fd3-4894-a96a-325b968a0c82, X-Content-Type-Options=nosniff, Content-Security-Policy=default-src 'self'; frame-ancestors 'none', Vary=Origin, Pragma=no-cache, Expires=0, X-XSS-Protection=1; mode=block, Content-Type=application/json}","logger_name":"com.healthlife.common.security.LoggingFilter","thread_name":"main","level":"INFO","level_value":20000,"traceId":"69fe08a20eb419d988b41e37fe0e447c","spanId":"88b41e37fe0e447c","requestId":"0672457c-8fd3-4894-a96a-325b968a0c82"}
Hibernate: select rt1_0.id,rt1_0.created_at,rt1_0.expiry_date,rt1_0.token,rt1_0.user_id from refresh_tokens rt1_0
Hibernate: select evt1_0.id,evt1_0.created_at,evt1_0.expiry_date,evt1_0.token,evt1_0.used,evt1_0.user_id from email_verification_tokens evt1_0
Hibernate: select prt1_0.id,prt1_0.created_at,prt1_0.expiry_date,prt1_0.token,prt1_0.used,prt1_0.user_id from password_reset_tokens prt1_0
Hibernate: select u1_0.id,u1_0.created_at,u1_0.date_of_birth,u1_0.deleted_at,u1_0.display_name,u1_0.email,u1_0.email_verified,u1_0.gender,u1_0.height_cm,u1_0.mfa_enabled,u1_0.mfa_secret,u1_0.password_hash,u1_0.role,u1_0.timezone,u1_0.updated_at from users u1_0
{"@timestamp":"2026-05-08T19:00:34.5655687+03:00","@version":"1","message":"Attempting to register user with email: test@health.com","logger_name":"com.healthlife.auth.service.AuthService","thread_name":"main","level":"INFO","level_value":20000}
Hibernate: select u1_0.id from users u1_0 where u1_0.email=? fetch first ? rows only
{"@timestamp":"2026-05-08T19:00:35.1442848+03:00","@version":"1","message":"Email sent to: test@health.com","logger_name":"com.healthlife.auth.service.EmailService","thread_name":"main","level":"INFO","level_value":20000}
{"@timestamp":"2026-05-08T19:00:35.1442848+03:00","@version":"1","message":"User registered successfully with ID: e67e180a-f3d2-4e43-b898-44732f1a23a6","logger_name":"com.healthlife.auth.service.AuthService","thread_name":"main","level":"INFO","level_value":20000}
Hibernate: delete from refresh_tokens where user_id=?
Hibernate: insert into users (created_at,date_of_birth,deleted_at,display_name,email,email_verified,gender,height_cm,mfa_enabled,mfa_secret,password_hash,role,timezone,updated_at,id) values (?,?,?,?,?,?,?,?,?,?,?,?,?,?,?)
Hibernate: insert into email_verification_tokens (created_at,expiry_date,token,used,user_id,id) values (?,?,?,?,?,?)
Hibernate: insert into refresh_tokens (created_at,expiry_date,token,user_id,id) values (?,?,?,?,?)
Hibernate: select rt1_0.id,rt1_0.created_at,rt1_0.expiry_date,rt1_0.token,rt1_0.user_id from refresh_tokens rt1_0
Hibernate: delete from refresh_tokens where id=?
Hibernate: select evt1_0.id,evt1_0.created_at,evt1_0.expiry_date,evt1_0.token,evt1_0.used,evt1_0.user_id from email_verification_tokens evt1_0
Hibernate: delete from email_verification_tokens where id=?
Hibernate: select prt1_0.id,prt1_0.created_at,prt1_0.expiry_date,prt1_0.token,prt1_0.used,prt1_0.user_id from password_reset_tokens prt1_0
Hibernate: select u1_0.id,u1_0.created_at,u1_0.date_of_birth,u1_0.deleted_at,u1_0.display_name,u1_0.email,u1_0.email_verified,u1_0.gender,u1_0.height_cm,u1_0.mfa_enabled,u1_0.mfa_secret,u1_0.password_hash,u1_0.role,u1_0.timezone,u1_0.updated_at from users u1_0
Hibernate: delete from users where id=?
{"@timestamp":"2026-05-08T19:00:35.4735345+03:00","@version":"1","message":"Attempting to register user with email: login@health.com","logger_name":"com.healthlife.auth.service.AuthService","thread_name":"main","level":"INFO","level_value":20000}
Hibernate: select u1_0.id from users u1_0 where u1_0.email=? fetch first ? rows only
{"@timestamp":"2026-05-08T19:00:35.9149018+03:00","@version":"1","message":"Email sent to: login@health.com","logger_name":"com.healthlife.auth.service.EmailService","thread_name":"main","level":"INFO","level_value":20000}
{"@timestamp":"2026-05-08T19:00:35.9149018+03:00","@version":"1","message":"User registered successfully with ID: 151d5101-7d2d-4e14-b185-9ba14e58034c","logger_name":"com.healthlife.auth.service.AuthService","thread_name":"main","level":"INFO","level_value":20000}
Hibernate: delete from refresh_tokens where user_id=?
Hibernate: insert into users (created_at,date_of_birth,deleted_at,display_name,email,email_verified,gender,height_cm,mfa_enabled,mfa_secret,password_hash,role,timezone,updated_at,id) values (?,?,?,?,?,?,?,?,?,?,?,?,?,?,?)
Hibernate: insert into email_verification_tokens (created_at,expiry_date,token,used,user_id,id) values (?,?,?,?,?,?)
Hibernate: insert into refresh_tokens (created_at,expiry_date,token,user_id,id) values (?,?,?,?,?)
{"@timestamp":"2026-05-08T19:00:35.9230461+03:00","@version":"1","message":"Attempting login for email: login@health.com","logger_name":"com.healthlife.auth.service.AuthService","thread_name":"main","level":"INFO","level_value":20000}
Hibernate: select u1_0.id,u1_0.created_at,u1_0.date_of_birth,u1_0.deleted_at,u1_0.display_name,u1_0.email,u1_0.email_verified,u1_0.gender,u1_0.height_cm,u1_0.mfa_enabled,u1_0.mfa_secret,u1_0.password_hash,u1_0.role,u1_0.timezone,u1_0.updated_at from users u1_0 where u1_0.email=?
{"@timestamp":"2026-05-08T19:00:36.3352628+03:00","@version":"1","message":"Login successful for user: 151d5101-7d2d-4e14-b185-9ba14e58034c","logger_name":"com.healthlife.auth.service.AuthService","thread_name":"main","level":"INFO","level_value":20000}
Hibernate: delete from refresh_tokens where user_id=?
Hibernate: insert into refresh_tokens (created_at,expiry_date,token,user_id,id) values (?,?,?,?,?)
Hibernate: select rt1_0.id,rt1_0.created_at,rt1_0.expiry_date,rt1_0.token,rt1_0.user_id from refresh_tokens rt1_0
Hibernate: delete from refresh_tokens where id=?
Hibernate: select evt1_0.id,evt1_0.created_at,evt1_0.expiry_date,evt1_0.token,evt1_0.used,evt1_0.user_id from email_verification_tokens evt1_0
Hibernate: delete from email_verification_tokens where id=?
Hibernate: select prt1_0.id,prt1_0.created_at,prt1_0.expiry_date,prt1_0.token,prt1_0.used,prt1_0.user_id from password_reset_tokens prt1_0
Hibernate: select u1_0.id,u1_0.created_at,u1_0.date_of_birth,u1_0.deleted_at,u1_0.display_name,u1_0.email,u1_0.email_verified,u1_0.gender,u1_0.height_cm,u1_0.mfa_enabled,u1_0.mfa_secret,u1_0.password_hash,u1_0.role,u1_0.timezone,u1_0.updated_at from users u1_0
Hibernate: delete from users where id=?
{"@timestamp":"2026-05-08T19:00:36.3656768+03:00","@version":"1","message":"Attempting to register user with email: wrong@health.com","logger_name":"com.healthlife.auth.service.AuthService","thread_name":"main","level":"INFO","level_value":20000}
Hibernate: select u1_0.id from users u1_0 where u1_0.email=? fetch first ? rows only
{"@timestamp":"2026-05-08T19:00:36.7929531+03:00","@version":"1","message":"Email sent to: wrong@health.com","logger_name":"com.healthlife.auth.service.EmailService","thread_name":"main","level":"INFO","level_value":20000}
{"@timestamp":"2026-05-08T19:00:36.7929531+03:00","@version":"1","message":"User registered successfully with ID: e7c01e4b-fdfc-4fe6-8381-2dfc4009fa35","logger_name":"com.healthlife.auth.service.AuthService","thread_name":"main","level":"INFO","level_value":20000}
Hibernate: delete from refresh_tokens where user_id=?
Hibernate: insert into users (created_at,date_of_birth,deleted_at,display_name,email,email_verified,gender,height_cm,mfa_enabled,mfa_secret,password_hash,role,timezone,updated_at,id) values (?,?,?,?,?,?,?,?,?,?,?,?,?,?,?)
Hibernate: insert into email_verification_tokens (created_at,expiry_date,token,used,user_id,id) values (?,?,?,?,?,?)
Hibernate: insert into refresh_tokens (created_at,expiry_date,token,user_id,id) values (?,?,?,?,?)
{"@timestamp":"2026-05-08T19:00:36.8081169+03:00","@version":"1","message":"Attempting login for email: wrong@health.com","logger_name":"com.healthlife.auth.service.AuthService","thread_name":"main","level":"INFO","level_value":20000}
Hibernate: select u1_0.id,u1_0.created_at,u1_0.date_of_birth,u1_0.deleted_at,u1_0.display_name,u1_0.email,u1_0.email_verified,u1_0.gender,u1_0.height_cm,u1_0.mfa_enabled,u1_0.mfa_secret,u1_0.password_hash,u1_0.role,u1_0.timezone,u1_0.updated_at from users u1_0 where u1_0.email=?
{"@timestamp":"2026-05-08T19:00:37.2760491+03:00","@version":"1","message":"Login failed: Invalid password for email: wrong@health.com","logger_name":"com.healthlife.auth.service.AuthService","thread_name":"main","level":"WARN","level_value":30000}
Hibernate: select rt1_0.id,rt1_0.created_at,rt1_0.expiry_date,rt1_0.token,rt1_0.user_id from refresh_tokens rt1_0
Hibernate: delete from refresh_tokens where id=?
Hibernate: select evt1_0.id,evt1_0.created_at,evt1_0.expiry_date,evt1_0.token,evt1_0.used,evt1_0.user_id from email_verification_tokens evt1_0
Hibernate: delete from email_verification_tokens where id=?
Hibernate: select prt1_0.id,prt1_0.created_at,prt1_0.expiry_date,prt1_0.token,prt1_0.used,prt1_0.user_id from password_reset_tokens prt1_0
Hibernate: select u1_0.id,u1_0.created_at,u1_0.date_of_birth,u1_0.deleted_at,u1_0.display_name,u1_0.email,u1_0.email_verified,u1_0.gender,u1_0.height_cm,u1_0.mfa_enabled,u1_0.mfa_secret,u1_0.password_hash,u1_0.role,u1_0.timezone,u1_0.updated_at from users u1_0
Hibernate: delete from users where id=?
Hibernate: select rt1_0.id,rt1_0.created_at,rt1_0.expiry_date,rt1_0.token,rt1_0.user_id from refresh_tokens rt1_0
Hibernate: select evt1_0.id,evt1_0.created_at,evt1_0.expiry_date,evt1_0.token,evt1_0.used,evt1_0.user_id from email_verification_tokens evt1_0
Hibernate: select prt1_0.id,prt1_0.created_at,prt1_0.expiry_date,prt1_0.token,prt1_0.used,prt1_0.user_id from password_reset_tokens prt1_0
Hibernate: select u1_0.id,u1_0.created_at,u1_0.date_of_birth,u1_0.deleted_at,u1_0.display_name,u1_0.email,u1_0.email_verified,u1_0.gender,u1_0.height_cm,u1_0.mfa_enabled,u1_0.mfa_secret,u1_0.password_hash,u1_0.role,u1_0.timezone,u1_0.updated_at from users u1_0
Hibernate: select rt1_0.id,rt1_0.created_at,rt1_0.expiry_date,rt1_0.token,rt1_0.user_id from refresh_tokens rt1_0
Hibernate: select evt1_0.id,evt1_0.created_at,evt1_0.expiry_date,evt1_0.token,evt1_0.used,evt1_0.user_id from email_verification_tokens evt1_0
Hibernate: select prt1_0.id,prt1_0.created_at,prt1_0.expiry_date,prt1_0.token,prt1_0.used,prt1_0.user_id from password_reset_tokens prt1_0
Hibernate: select u1_0.id,u1_0.created_at,u1_0.date_of_birth,u1_0.deleted_at,u1_0.display_name,u1_0.email,u1_0.email_verified,u1_0.gender,u1_0.height_cm,u1_0.mfa_enabled,u1_0.mfa_secret,u1_0.password_hash,u1_0.role,u1_0.timezone,u1_0.updated_at from users u1_0
{"@timestamp":"2026-05-08T19:00:38.7230562+03:00","@version":"1","message":"REQUEST  method=POST path=/api/v1/auth/register query=null headers={Content-Length=66, Content-Type=application/json;charset=UTF-8}","logger_name":"com.healthlife.common.security.LoggingFilter","thread_name":"main","level":"INFO","level_value":20000,"traceId":"69fe08a6629c08df8ff4bf22da6c0d77","spanId":"8ff4bf22da6c0d77","requestId":"5779a159-52ec-45f1-a3e5-dab4e393337e"}
{"@timestamp":"2026-05-08T19:00:38.7230562+03:00","@version":"1","message":"RESPONSE status=400 durationMs=41 headers={X-Frame-Options=DENY, Cache-Control=no-cache, no-store, max-age=0, must-revalidate, X-Request-Id=5779a159-52ec-45f1-a3e5-dab4e393337e, X-Content-Type-Options=nosniff, Content-Security-Policy=default-src 'self'; frame-ancestors 'none', Vary=Origin, Pragma=no-cache, Expires=0, X-XSS-Protection=1; mode=block, Content-Type=application/json}","logger_name":"com.healthlife.common.security.LoggingFilter","thread_name":"main","level":"INFO","level_value":20000,"traceId":"69fe08a6629c08df8ff4bf22da6c0d77","spanId":"8ff4bf22da6c0d77","requestId":"5779a159-52ec-45f1-a3e5-dab4e393337e"}
Hibernate: select rt1_0.id,rt1_0.created_at,rt1_0.expiry_date,rt1_0.token,rt1_0.user_id from refresh_tokens rt1_0
Hibernate: select evt1_0.id,evt1_0.created_at,evt1_0.expiry_date,evt1_0.token,evt1_0.used,evt1_0.user_id from email_verification_tokens evt1_0
Hibernate: select prt1_0.id,prt1_0.created_at,prt1_0.expiry_date,prt1_0.token,prt1_0.used,prt1_0.user_id from password_reset_tokens prt1_0
Hibernate: select u1_0.id,u1_0.created_at,u1_0.date_of_birth,u1_0.deleted_at,u1_0.display_name,u1_0.email,u1_0.email_verified,u1_0.gender,u1_0.height_cm,u1_0.mfa_enabled,u1_0.mfa_secret,u1_0.password_hash,u1_0.role,u1_0.timezone,u1_0.updated_at from users u1_0
{"@timestamp":"2026-05-08T19:00:38.7396492+03:00","@version":"1","message":"Attempting to register user with email: dup@health.com","logger_name":"com.healthlife.auth.service.AuthService","thread_name":"main","level":"INFO","level_value":20000}
Hibernate: select u1_0.id from users u1_0 where u1_0.email=? fetch first ? rows only
{"@timestamp":"2026-05-08T19:00:39.1511649+03:00","@version":"1","message":"Email sent to: dup@health.com","logger_name":"com.healthlife.auth.service.EmailService","thread_name":"main","level":"INFO","level_value":20000}
{"@timestamp":"2026-05-08T19:00:39.1511649+03:00","@version":"1","message":"User registered successfully with ID: b064553d-42ad-4fec-abe4-4d02f793935b","logger_name":"com.healthlife.auth.service.AuthService","thread_name":"main","level":"INFO","level_value":20000}
Hibernate: delete from refresh_tokens where user_id=?
Hibernate: insert into users (created_at,date_of_birth,deleted_at,display_name,email,email_verified,gender,height_cm,mfa_enabled,mfa_secret,password_hash,role,timezone,updated_at,id) values (?,?,?,?,?,?,?,?,?,?,?,?,?,?,?)
Hibernate: insert into email_verification_tokens (created_at,expiry_date,token,used,user_id,id) values (?,?,?,?,?,?)
Hibernate: insert into refresh_tokens (created_at,expiry_date,token,user_id,id) values (?,?,?,?,?)
{"@timestamp":"2026-05-08T19:00:39.1563737+03:00","@version":"1","message":"Attempting to register user with email: dup@health.com","logger_name":"com.healthlife.auth.service.AuthService","thread_name":"main","level":"INFO","level_value":20000}
Hibernate: select u1_0.id from users u1_0 where u1_0.email=? fetch first ? rows only
{"@timestamp":"2026-05-08T19:00:39.163557+03:00","@version":"1","message":"Registration failed: Email already registered: dup@health.com","logger_name":"com.healthlife.auth.service.AuthService","thread_name":"main","level":"WARN","level_value":30000}
Hibernate: select rt1_0.id,rt1_0.created_at,rt1_0.expiry_date,rt1_0.token,rt1_0.user_id from refresh_tokens rt1_0
Hibernate: delete from refresh_tokens where id=?
Hibernate: select evt1_0.id,evt1_0.created_at,evt1_0.expiry_date,evt1_0.token,evt1_0.used,evt1_0.user_id from email_verification_tokens evt1_0
Hibernate: delete from email_verification_tokens where id=?
Hibernate: select prt1_0.id,prt1_0.created_at,prt1_0.expiry_date,prt1_0.token,prt1_0.used,prt1_0.user_id from password_reset_tokens prt1_0
Hibernate: select u1_0.id,u1_0.created_at,u1_0.date_of_birth,u1_0.deleted_at,u1_0.display_name,u1_0.email,u1_0.email_verified,u1_0.gender,u1_0.height_cm,u1_0.mfa_enabled,u1_0.mfa_secret,u1_0.password_hash,u1_0.role,u1_0.timezone,u1_0.updated_at from users u1_0
Hibernate: delete from users where id=?
{"@timestamp":"2026-05-08T19:00:39.1897392+03:00","@version":"1","message":"Attempting to refresh token","logger_name":"com.healthlife.auth.service.AuthService","thread_name":"main","level":"INFO","level_value":20000}
{"@timestamp":"2026-05-08T19:00:39.1981421+03:00","@version":"1","message":"Invalid refresh token","logger_name":"com.healthlife.auth.service.AuthService","thread_name":"main","level":"WARN","level_value":30000}
Hibernate: select rt1_0.id,rt1_0.created_at,rt1_0.expiry_date,rt1_0.token,rt1_0.user_id from refresh_tokens rt1_0
Hibernate: select evt1_0.id,evt1_0.created_at,evt1_0.expiry_date,evt1_0.token,evt1_0.used,evt1_0.user_id from email_verification_tokens evt1_0
Hibernate: select prt1_0.id,prt1_0.created_at,prt1_0.expiry_date,prt1_0.token,prt1_0.used,prt1_0.user_id from password_reset_tokens prt1_0
Hibernate: select u1_0.id,u1_0.created_at,u1_0.date_of_birth,u1_0.deleted_at,u1_0.display_name,u1_0.email,u1_0.email_verified,u1_0.gender,u1_0.height_cm,u1_0.mfa_enabled,u1_0.mfa_secret,u1_0.password_hash,u1_0.role,u1_0.timezone,u1_0.updated_at from users u1_0
{"@timestamp":"2026-05-08T19:00:39.2233595+03:00","@version":"1","message":"Attempting to register user with email: refresh@health.com","logger_name":"com.healthlife.auth.service.AuthService","thread_name":"main","level":"INFO","level_value":20000}
Hibernate: select u1_0.id from users u1_0 where u1_0.email=? fetch first ? rows only
{"@timestamp":"2026-05-08T19:00:39.682055+03:00","@version":"1","message":"Email sent to: refresh@health.com","logger_name":"com.healthlife.auth.service.EmailService","thread_name":"main","level":"INFO","level_value":20000}
{"@timestamp":"2026-05-08T19:00:39.682055+03:00","@version":"1","message":"User registered successfully with ID: 78b589ba-0f88-461d-bbd0-1c146c728365","logger_name":"com.healthlife.auth.service.AuthService","thread_name":"main","level":"INFO","level_value":20000}
Hibernate: delete from refresh_tokens where user_id=?
Hibernate: insert into users (created_at,date_of_birth,deleted_at,display_name,email,email_verified,gender,height_cm,mfa_enabled,mfa_secret,password_hash,role,timezone,updated_at,id) values (?,?,?,?,?,?,?,?,?,?,?,?,?,?,?)
Hibernate: insert into email_verification_tokens (created_at,expiry_date,token,used,user_id,id) values (?,?,?,?,?,?)
Hibernate: insert into refresh_tokens (created_at,expiry_date,token,user_id,id) values (?,?,?,?,?)
{"@timestamp":"2026-05-08T19:00:39.689494+03:00","@version":"1","message":"Attempting to refresh token","logger_name":"com.healthlife.auth.service.AuthService","thread_name":"main","level":"INFO","level_value":20000}
Hibernate: select rt1_0.id,rt1_0.created_at,rt1_0.expiry_date,rt1_0.token,rt1_0.user_id from refresh_tokens rt1_0 where rt1_0.token=?
{"@timestamp":"2026-05-08T19:00:39.6982819+03:00","@version":"1","message":"Token refreshed for user: 78b589ba-0f88-461d-bbd0-1c146c728365","logger_name":"com.healthlife.auth.service.AuthService","thread_name":"main","level":"INFO","level_value":20000}
Hibernate: select u1_0.id,u1_0.created_at,u1_0.date_of_birth,u1_0.deleted_at,u1_0.display_name,u1_0.email,u1_0.email_verified,u1_0.gender,u1_0.height_cm,u1_0.mfa_enabled,u1_0.mfa_secret,u1_0.password_hash,u1_0.role,u1_0.timezone,u1_0.updated_at from users u1_0 where u1_0.id=?
Hibernate: delete from refresh_tokens where user_id=?
Hibernate: insert into refresh_tokens (created_at,expiry_date,token,user_id,id) values (?,?,?,?,?)
Hibernate: select rt1_0.id,rt1_0.created_at,rt1_0.expiry_date,rt1_0.token,rt1_0.user_id from refresh_tokens rt1_0
Hibernate: delete from refresh_tokens where id=?
Hibernate: select evt1_0.id,evt1_0.created_at,evt1_0.expiry_date,evt1_0.token,evt1_0.used,evt1_0.user_id from email_verification_tokens evt1_0
Hibernate: delete from email_verification_tokens where id=?
Hibernate: select prt1_0.id,prt1_0.created_at,prt1_0.expiry_date,prt1_0.token,prt1_0.used,prt1_0.user_id from password_reset_tokens prt1_0
Hibernate: select u1_0.id,u1_0.created_at,u1_0.date_of_birth,u1_0.deleted_at,u1_0.display_name,u1_0.email,u1_0.email_verified,u1_0.gender,u1_0.height_cm,u1_0.mfa_enabled,u1_0.mfa_secret,u1_0.password_hash,u1_0.role,u1_0.timezone,u1_0.updated_at from users u1_0
Hibernate: delete from users where id=?
Hibernate: select rt1_0.id,rt1_0.created_at,rt1_0.expiry_date,rt1_0.token,rt1_0.user_id from refresh_tokens rt1_0
Hibernate: select evt1_0.id,evt1_0.created_at,evt1_0.expiry_date,evt1_0.token,evt1_0.used,evt1_0.user_id from email_verification_tokens evt1_0
Hibernate: select prt1_0.id,prt1_0.created_at,prt1_0.expiry_date,prt1_0.token,prt1_0.used,prt1_0.user_id from password_reset_tokens prt1_0
Hibernate: select u1_0.id,u1_0.created_at,u1_0.date_of_birth,u1_0.deleted_at,u1_0.display_name,u1_0.email,u1_0.email_verified,u1_0.gender,u1_0.height_cm,u1_0.mfa_enabled,u1_0.mfa_secret,u1_0.password_hash,u1_0.role,u1_0.timezone,u1_0.updated_at from users u1_0
Hibernate: insert into users (created_at,date_of_birth,deleted_at,display_name,email,email_verified,gender,height_cm,mfa_enabled,mfa_secret,password_hash,role,timezone,updated_at,id) values (?,?,?,?,?,?,?,?,?,?,?,?,?,?,?)
Hibernate: select u1_0.id,u1_0.created_at,u1_0.date_of_birth,u1_0.deleted_at,u1_0.display_name,u1_0.email,u1_0.email_verified,u1_0.gender,u1_0.height_cm,u1_0.mfa_enabled,u1_0.mfa_secret,u1_0.password_hash,u1_0.role,u1_0.timezone,u1_0.updated_at from users u1_0 where u1_0.id=?
Hibernate: update users set date_of_birth=?,deleted_at=?,display_name=?,email=?,email_verified=?,gender=?,height_cm=?,mfa_enabled=?,mfa_secret=?,password_hash=?,role=?,timezone=?,updated_at=? where id=?
{"@timestamp":"2026-05-08T19:00:40.1941997+03:00","@version":"1","message":"Attempting login for email: deleted@health.com","logger_name":"com.healthlife.auth.service.AuthService","thread_name":"main","level":"INFO","level_value":20000}
Hibernate: select u1_0.id,u1_0.created_at,u1_0.date_of_birth,u1_0.deleted_at,u1_0.display_name,u1_0.email,u1_0.email_verified,u1_0.gender,u1_0.height_cm,u1_0.mfa_enabled,u1_0.mfa_secret,u1_0.password_hash,u1_0.role,u1_0.timezone,u1_0.updated_at from users u1_0 where u1_0.email=?
{"@timestamp":"2026-05-08T19:00:40.1979811+03:00","@version":"1","message":"Login failed: Account deleted for email: deleted@health.com","logger_name":"com.healthlife.auth.service.AuthService","thread_name":"main","level":"WARN","level_value":30000}
Hibernate: select rt1_0.id,rt1_0.created_at,rt1_0.expiry_date,rt1_0.token,rt1_0.user_id from refresh_tokens rt1_0
Hibernate: select evt1_0.id,evt1_0.created_at,evt1_0.expiry_date,evt1_0.token,evt1_0.used,evt1_0.user_id from email_verification_tokens evt1_0
Hibernate: select prt1_0.id,prt1_0.created_at,prt1_0.expiry_date,prt1_0.token,prt1_0.used,prt1_0.user_id from password_reset_tokens prt1_0
Hibernate: select u1_0.id,u1_0.created_at,u1_0.date_of_birth,u1_0.deleted_at,u1_0.display_name,u1_0.email,u1_0.email_verified,u1_0.gender,u1_0.height_cm,u1_0.mfa_enabled,u1_0.mfa_secret,u1_0.password_hash,u1_0.role,u1_0.timezone,u1_0.updated_at from users u1_0
Hibernate: delete from users where id=?
{"@timestamp":"2026-05-08T19:00:40.2232481+03:00","@version":"1","message":"Attempting login for email: nobody@health.com","logger_name":"com.healthlife.auth.service.AuthService","thread_name":"main","level":"INFO","level_value":20000}
Hibernate: select u1_0.id,u1_0.created_at,u1_0.date_of_birth,u1_0.deleted_at,u1_0.display_name,u1_0.email,u1_0.email_verified,u1_0.gender,u1_0.height_cm,u1_0.mfa_enabled,u1_0.mfa_secret,u1_0.password_hash,u1_0.role,u1_0.timezone,u1_0.updated_at from users u1_0 where u1_0.email=?
{"@timestamp":"2026-05-08T19:00:40.22526+03:00","@version":"1","message":"Login failed: Invalid email: nobody@health.com","logger_name":"com.healthlife.auth.service.AuthService","thread_name":"main","level":"WARN","level_value":30000}
[INFO] Tests run: 13, Failures: 0, Errors: 0, Skipped: 0, Time elapsed: 32.06 s -- in com.healthlife.auth.AuthServiceCriticalTest
[INFO] 
[INFO] Results:
[INFO] 
[INFO] Tests run: 13, Failures: 0, Errors: 0, Skipped: 0
[INFO] 
[INFO] 
[INFO] --- jacoco:0.8.12:report (report) @ auth-service ---
[INFO] Skipping JaCoCo execution due to missing execution data file.
[INFO] 
[INFO] --------------------< com.healthlife:user-service >---------------------
[INFO] Building User Service 1.0.0                                       [7/15]
[INFO]   from services\user-service\pom.xml
[INFO] --------------------------------[ jar ]---------------------------------
[INFO] 
[INFO] --- jacoco:0.8.12:prepare-agent (default) @ user-service ---
[INFO] argLine set to -javaagent:C:\\Users\\user\\.m2\\repository\\org\\jacoco\\org.jacoco.agent\\0.8.12\\org.jacoco.agent-0.8.12-runtime.jar=destfile=C:\\Project\\Application\\services\\user-service\\target\\jacoco.exec
[INFO] 
[INFO] --- resources:3.3.1:resources (default-resources) @ user-service ---
[INFO] Copying 2 resources from src\main\resources to target\classes
[INFO] Copying 2 resources from src\main\resources to target\classes
[INFO] 
[INFO] --- compiler:3.11.0:compile (default-compile) @ user-service ---
[INFO] Nothing to compile - all classes are up to date
[INFO] 
[INFO] --- resources:3.3.1:testResources (default-testResources) @ user-service ---
[INFO] skip non existing resourceDirectory C:\Project\Application\services\user-service\src\test\resources
[INFO] 
[INFO] --- compiler:3.11.0:testCompile (default-testCompile) @ user-service ---
[INFO] Nothing to compile - all classes are up to date
[INFO] 
[INFO] --- surefire:3.1.2:test (default-test) @ user-service ---
[INFO] Using auto detected provider org.apache.maven.surefire.junitplatform.JUnitPlatformProvider
[INFO] 
[INFO] -------------------------------------------------------
[INFO]  T E S T S
[INFO] -------------------------------------------------------
[INFO] Running com.healthlife.user.UserServiceTest
19:00:42,206 |-INFO in ch.qos.logback.classic.LoggerContext[default] - This is logback-classic version 1.4.14
19:00:42,206 |-INFO in ch.qos.logback.classic.util.ContextInitializer@68f32020 - Here is a list of configurators discovered as a service, by rank: 
19:00:42,206 |-INFO in ch.qos.logback.classic.util.ContextInitializer@68f32020 -   org.springframework.boot.logging.logback.RootLogLevelConfigurator
19:00:42,206 |-INFO in ch.qos.logback.classic.util.ContextInitializer@68f32020 - They will be invoked in order until ExecutionStatus.DO_NOT_INVOKE_NEXT_IF_ANY is returned.
19:00:42,206 |-INFO in ch.qos.logback.classic.util.ContextInitializer@68f32020 - Constructed configurator of type class org.springframework.boot.logging.logback.RootLogLevelConfigurator
19:00:42,224 |-INFO in ch.qos.logback.classic.util.ContextInitializer@68f32020 - org.springframework.boot.logging.logback.RootLogLevelConfigurator.configure() call lasted 0 milliseconds. ExecutionStatus=INVOKE_NEXT_IF_ANY
19:00:42,224 |-INFO in ch.qos.logback.classic.util.ContextInitializer@68f32020 - Trying to configure with ch.qos.logback.classic.joran.SerializedModelConfigurator
19:00:42,224 |-INFO in ch.qos.logback.classic.util.ContextInitializer@68f32020 - Constructed configurator of type class ch.qos.logback.classic.joran.SerializedModelConfigurator
19:00:42,224 |-INFO in ch.qos.logback.classic.LoggerContext[default] - Could NOT find resource [logback-test.scmo]
19:00:42,231 |-INFO in ch.qos.logback.classic.LoggerContext[default] - Could NOT find resource [logback.scmo]
19:00:42,231 |-INFO in ch.qos.logback.classic.util.ContextInitializer@68f32020 - ch.qos.logback.classic.joran.SerializedModelConfigurator.configure() call lasted 7 milliseconds. ExecutionStatus=INVOKE_NEXT_IF_ANY
19:00:42,231 |-INFO in ch.qos.logback.classic.util.ContextInitializer@68f32020 - Trying to configure with ch.qos.logback.classic.util.DefaultJoranConfigurator
19:00:42,231 |-INFO in ch.qos.logback.classic.util.ContextInitializer@68f32020 - Constructed configurator of type class ch.qos.logback.classic.util.DefaultJoranConfigurator
19:00:42,231 |-INFO in ch.qos.logback.classic.LoggerContext[default] - Could NOT find resource [logback-test.xml]
19:00:42,231 |-INFO in ch.qos.logback.classic.LoggerContext[default] - Could NOT find resource [logback.xml]
19:00:42,231 |-INFO in ch.qos.logback.classic.util.ContextInitializer@68f32020 - ch.qos.logback.classic.util.DefaultJoranConfigurator.configure() call lasted 0 milliseconds. ExecutionStatus=INVOKE_NEXT_IF_ANY
19:00:42,231 |-INFO in ch.qos.logback.classic.util.ContextInitializer@68f32020 - Trying to configure with ch.qos.logback.classic.BasicConfigurator
19:00:42,231 |-INFO in ch.qos.logback.classic.util.ContextInitializer@68f32020 - Constructed configurator of type class ch.qos.logback.classic.BasicConfigurator
19:00:42,231 |-INFO in ch.qos.logback.classic.BasicConfigurator@409986fe - Setting up default configuration.
19:00:42,256 |-INFO in ch.qos.logback.classic.util.ContextInitializer@68f32020 - ch.qos.logback.classic.BasicConfigurator.configure() call lasted 25 milliseconds. ExecutionStatus=NEUTRAL
19:00:43,356 |-INFO in ch.qos.logback.core.model.processor.AppenderModelHandler - Processing appender named [CONSOLE]
19:00:43,356 |-INFO in ch.qos.logback.core.model.processor.AppenderModelHandler - About to instantiate appender of type [ch.qos.logback.core.ConsoleAppender]
19:00:43,614 |-WARN in ch.qos.logback.core.model.processor.AppenderModelHandler - Appender named [CONSOLE_JSON] not referenced. Skipping further processing.
19:00:43,614 |-INFO in ch.qos.logback.classic.model.processor.RootLoggerModelHandler - Setting level of ROOT logger to INFO
19:00:43,614 |-INFO in ch.qos.logback.classic.jul.LevelChangePropagator@19b047fe - Propagating INFO level on Logger[ROOT] onto the JUL framework
19:00:43,620 |-INFO in ch.qos.logback.core.model.processor.AppenderRefModelHandler - Attaching appender named [CONSOLE] to Logger[ROOT]
19:00:43,620 |-INFO in ch.qos.logback.classic.model.processor.LoggerModelHandler - Setting level of logger [com.healthlife] to INFO
19:00:43,620 |-INFO in ch.qos.logback.classic.jul.LevelChangePropagator@19b047fe - Propagating INFO level on Logger[com.healthlife] onto the JUL framework
19:00:43,620 |-INFO in ch.qos.logback.classic.model.processor.LoggerModelHandler - Setting level of logger [org.springframework.web] to INFO
19:00:43,620 |-INFO in ch.qos.logback.classic.jul.LevelChangePropagator@19b047fe - Propagating INFO level on Logger[org.springframework.web] onto the JUL framework
19:00:43,620 |-INFO in ch.qos.logback.classic.model.processor.LoggerModelHandler - Setting level of logger [org.hibernate.SQL] to WARN
19:00:43,620 |-INFO in ch.qos.logback.classic.jul.LevelChangePropagator@19b047fe - Propagating WARN level on Logger[org.hibernate.SQL] onto the JUL framework
19:00:43,620 |-INFO in ch.qos.logback.core.model.processor.DefaultProcessor@22590e3e - End of configuration.
19:00:43,620 |-INFO in org.springframework.boot.logging.logback.SpringBootJoranConfigurator@53dad875 - Registering current configuration as safe fallback point


  .   ____          _            __ _ _
 /\\ / ___'_ __ _ _(_)_ __  __ _ \ \ \ \
( ( )\___ | '_ | '_| | '_ \/ _` | \ \ \ \
 \\/  ___)| |_)| | | | | || (_| |  ) ) ) )
  '  |____| .__|_| |_|_| |_\__, | / / / /
 =========|_|==============|___/=/_/_/_/
 :: Spring Boot ::                (v3.2.5)

{"@timestamp":"2026-05-08T19:00:43.6981392+03:00","@version":"1","message":"HV000001: Hibernate Validator 8.0.1.Final","logger_name":"org.hibernate.validator.internal.util.Version","thread_name":"background-preinit","level":"INFO","level_value":20000}
{"@timestamp":"2026-05-08T19:00:43.799463+03:00","@version":"1","message":"Starting UserServiceTest using Java 21.0.6 with PID 25372 (started by user in C:\\Project\\Application\\services\\user-service)","logger_name":"com.healthlife.user.UserServiceTest","thread_name":"main","level":"INFO","level_value":20000}
{"@timestamp":"2026-05-08T19:00:43.8008485+03:00","@version":"1","message":"The following 1 profile is active: \"test\"","logger_name":"com.healthlife.user.UserServiceTest","thread_name":"main","level":"INFO","level_value":20000}
{"@timestamp":"2026-05-08T19:00:46.4730699+03:00","@version":"1","message":"Bootstrapping Spring Data JPA repositories in DEFAULT mode.","logger_name":"org.springframework.data.repository.config.RepositoryConfigurationDelegate","thread_name":"main","level":"INFO","level_value":20000}
{"@timestamp":"2026-05-08T19:00:46.5950105+03:00","@version":"1","message":"Finished Spring Data repository scanning in 94 ms. Found 2 JPA repository interfaces.","logger_name":"org.springframework.data.repository.config.RepositoryConfigurationDelegate","thread_name":"main","level":"INFO","level_value":20000}
{"@timestamp":"2026-05-08T19:00:49.7069714+03:00","@version":"1","message":"HHH000204: Processing PersistenceUnitInfo [name: default]","logger_name":"org.hibernate.jpa.internal.util.LogHelper","thread_name":"main","level":"INFO","level_value":20000}
{"@timestamp":"2026-05-08T19:00:49.9317665+03:00","@version":"1","message":"HHH000412: Hibernate ORM core version 6.4.4.Final","logger_name":"org.hibernate.Version","thread_name":"main","level":"INFO","level_value":20000}
{"@timestamp":"2026-05-08T19:00:49.9898586+03:00","@version":"1","message":"HHH000026: Second-level cache disabled","logger_name":"org.hibernate.cache.internal.RegionFactoryInitiator","thread_name":"main","level":"INFO","level_value":20000}
{"@timestamp":"2026-05-08T19:00:50.3978747+03:00","@version":"1","message":"No LoadTimeWeaver setup: ignoring JPA class transformer","logger_name":"org.springframework.orm.jpa.persistenceunit.SpringPersistenceUnitInfo","thread_name":"main","level":"INFO","level_value":20000}
{"@timestamp":"2026-05-08T19:00:50.4529574+03:00","@version":"1","message":"HikariPool-1 - Starting...","logger_name":"com.zaxxer.hikari.HikariDataSource","thread_name":"main","level":"INFO","level_value":20000}
{"@timestamp":"2026-05-08T19:00:50.9201472+03:00","@version":"1","message":"HikariPool-1 - Added connection conn0: url=jdbc:h2:mem:testdb user=SA","logger_name":"com.zaxxer.hikari.pool.HikariPool","thread_name":"main","level":"INFO","level_value":20000}
{"@timestamp":"2026-05-08T19:00:50.9231697+03:00","@version":"1","message":"HikariPool-1 - Start completed.","logger_name":"com.zaxxer.hikari.HikariDataSource","thread_name":"main","level":"INFO","level_value":20000}
{"@timestamp":"2026-05-08T19:00:52.5643889+03:00","@version":"1","message":"HHH000489: No JTA platform available (set 'hibernate.transaction.jta.platform' to enable JTA platform integration)","logger_name":"org.hibernate.engine.transaction.jta.platform.internal.JtaPlatformInitiator","thread_name":"main","level":"INFO","level_value":20000}
{"@timestamp":"2026-05-08T19:00:52.6565063+03:00","@version":"1","message":"Initialized JPA EntityManagerFactory for persistence unit 'default'","logger_name":"org.springframework.orm.jpa.LocalContainerEntityManagerFactoryBean","thread_name":"main","level":"INFO","level_value":20000}
^C
